domain(domain: cdninstagram.com)->proxy
domain(domain: instagram.com)->proxy
domain(domain: zelenka.guru)->proxy
domain(domain: pornhub.com)->proxy
domain(domain: phncdn.com)->proxy
domain(domain: habr.com)->proxy
domain(domain: openai.com)->proxy
domain(domain: chatgpt.com)->proxy
domain(domain: ebanoe.it)->proxy
domain(domain: csstats.gg)->proxy
domain(domain: astar.bz)->proxy
domain(domain: animego.online)->proxy
domain(domain: refactoring.guru)->proxy
domain(domain: animegoo.org)->proxy
domain(domain: animego.me)->proxy
domain(domain: cub.red)->proxy
domain(domain: donationalerts.com)->proxy
domain(domain: prostovpn.org)->proxy
domain(domain: kpapp.link)->proxy
domain(domain: mos-gorsud.net)->proxy
domain(domain: rule34.xxx)->proxy
domain(domain: stash.clash.gg)->proxy
domain(domain: kpapp.link)->proxy
domain(domain: mos-gorsud.net)->proxy
domain(domain: rutracker.net)->proxy
domain(domain: rutracker.org)->proxy
domain(domain: anidub.com)->proxy
domain(domain: anilibria.tv)->proxy
domain(domain: anilibria.uno)->proxy
domain(domain: animaunt.org)->proxy
domain(domain: anime-portal.su)->proxy
domain(domain: animebest.org)->proxy
domain(domain: animedia.tv)->proxy
domain(domain: animego.org)->proxy
domain(domain: animespirit.ru)->proxy
domain(domain: anistar.org)->proxy
domain(domain: anistars.ru)->proxy
domain(domain: dis.gd)->proxy
domain(domain: discord-activities.com)->proxy
domain(domain: discord-attachments-uploads-prd.storage.googleapis.com)->proxy
domain(domain: discord.co)->proxy
domain(domain: discord.com)->proxy
domain(domain: discord.design)->proxy
domain(domain: discord.dev)->proxy
domain(domain: discord.gg)->proxy
domain(domain: discord.gift)->proxy
domain(domain: discord.gifts)->proxy
domain(domain: discord.media)->proxy
domain(domain: discord.new)->proxy
domain(domain: discord.store)->proxy
domain(domain: discord.tools)->proxy
domain(domain: discordactivities.com)->proxy
domain(domain: discordapp.com)->proxy
domain(domain: discordapp.net)->proxy
domain(domain: discordmerch.com)->proxy
domain(domain: discordpartygames.com)->proxy
domain(domain: discordsays.com)->proxy
domain(domain: discours.io)->proxy
domain(domain: disctech.com)->proxy
domain(domain: rutracker.cc)->proxy
domain(domain: rutracker.net)->proxy
domain(domain: rutracker.org)->proxy
domain(domain: rutracker.wiki)->proxy
domain(domain: youtu.be)->proxy
domain(domain: youtube-nocookie.com)->proxy
domain(domain: google.com)->proxy
domain(domain: youtube.com)->proxy
domain(domain: googleapis.com)->proxy
domain(domain: youtubekids.com)->proxy
domain(domain: ytimg.com)->proxy
domain(domain: googlevideo.com)->proxy
domain(domain: jetbrains.com)->proxy
domain(domain: jetbrains.space)->proxy